jest/fixtures/pals.ts(1,24): error TS2307: Cannot find module '../../src/types/pal' or its corresponding type declarations.
jest/fixtures/pals.ts(2,31): error TS2307: Cannot find module '../../src/types/palshub' or its corresponding type declarations.
jest/setup.ts(49,28): error TS2307: Cannot find module '../__mocks__/stores/palStore' or its corresponding type declarations.
src/api/__tests__/benchmark.test.ts(3,24): error TS2307: Cannot find module '../../utils/fb' or its corresponding type declarations.
src/api/__tests__/benchmark.test.ts(239,24): error TS2339: Property 'initializeAppCheck' does not exist on type 'Mocked<typeof import("C:/Users/manis/Documents/pocket-financer/src/utils/index")>'.
src/api/__tests__/feedback.test.ts(69,17): error TS2339: Property 'getAppCheckToken' does not exist on type 'Mocked<typeof import("C:/Users/manis/Documents/pocket-financer/src/utils/index")>'.
src/api/__tests__/feedback.test.ts(83,24): error TS2339: Property 'initializeAppCheck' does not exist on type 'Mocked<typeof import("C:/Users/manis/Documents/pocket-financer/src/utils/index")>'.
src/api/__tests__/feedback.test.ts(84,24): error TS2339: Property 'getAppCheckToken' does not exist on type 'Mocked<typeof import("C:/Users/manis/Documents/pocket-financer/src/utils/index")>'.
src/api/__tests__/feedback.test.ts(121,17): error TS2339: Property 'getAppCheckToken' does not exist on type 'Mocked<typeof import("C:/Users/manis/Documents/pocket-financer/src/utils/index")>'.
src/api/__tests__/feedback.test.ts(206,17): error TS2339: Property 'initializeAppCheck' does not exist on type 'Mocked<typeof import("C:/Users/manis/Documents/pocket-financer/src/utils/index")>'.
src/api/__tests__/feedback.test.ts(227,17): error TS2339: Property 'getAppCheckToken' does not exist on type 'Mocked<typeof import("C:/Users/manis/Documents/pocket-financer/src/utils/index")>'.
src/api/__tests__/feedback.test.ts(258,17): error TS2339: Property 'initializeAppCheck' does not exist on type 'Mocked<typeof import("C:/Users/manis/Documents/pocket-financer/src/utils/index")>'.
src/api/__tests__/feedback.test.ts(259,17): error TS2339: Property 'getAppCheckToken' does not exist on type 'Mocked<typeof import("C:/Users/manis/Documents/pocket-financer/src/utils/index")>'.
src/api/__tests__/feedback.test.ts(273,24): error TS2339: Property 'initializeAppCheck' does not exist on type 'Mocked<typeof import("C:/Users/manis/Documents/pocket-financer/src/utils/index")>'.
src/api/__tests__/feedback.test.ts(274,24): error TS2339: Property 'getAppCheckToken' does not exist on type 'Mocked<typeof import("C:/Users/manis/Documents/pocket-financer/src/utils/index")>'.
src/api/__tests__/feedback.test.ts(311,17): error TS2339: Property 'getAppCheckToken' does not exist on type 'Mocked<typeof import("C:/Users/manis/Documents/pocket-financer/src/utils/index")>'.
src/api/__tests__/feedback.test.ts(359,17): error TS2339: Property 'initializeAppCheck' does not exist on type 'Mocked<typeof import("C:/Users/manis/Documents/pocket-financer/src/utils/index")>'.
src/api/__tests__/feedback.test.ts(368,17): error TS2339: Property 'getAppCheckToken' does not exist on type 'Mocked<typeof import("C:/Users/manis/Documents/pocket-financer/src/utils/index")>'.
src/api/benchmark.ts(5,3): error TS2305: Module '"../utils"' has no exported member 'getAppCheckToken'.
src/api/benchmark.ts(10,3): error TS2305: Module '"../utils"' has no exported member 'initializeAppCheck'.
src/api/feedback.ts(9,3): error TS2305: Module '"../utils"' has no exported member 'getAppCheckToken'.
src/api/feedback.ts(14,3): error TS2305: Module '"../utils"' has no exported member 'initializeAppCheck'.
src/components/ChatInput/__tests__/ChatInput.test.tsx(12,9): error TS2305: Module '"../../../store"' has no exported member 'palStore'.
src/components/ChatInput/ChatInput.tsx(19,34): error TS2307: Cannot find module '../../utils/pal-capabilities' or its corresponding type declarations.
src/components/ChatInput/ChatInput.tsx(32,39): error TS2305: Module '"../../store"' has no exported member 'palStore'.
src/components/ChatInput/ChatInput.tsx(132,42): error TS2339: Property 'activePalId' does not exist on type 'ChatSessionStore'.
src/components/DynamicParameters/__tests__/DynamicDateTimeTagField.test.tsx(5,40): error TS2307: Cannot find module '../../../types/pal' or its corresponding type declarations.
src/components/DynamicParameters/__tests__/DynamicOptionField.test.tsx(5,40): error TS2307: Cannot find module '../../../types/pal' or its corresponding type declarations.
src/components/DynamicParameters/__tests__/DynamicParameterForm.test.tsx(5,40): error TS2307: Cannot find module '../../../types/pal' or its corresponding type declarations.
src/components/DynamicParameters/__tests__/DynamicTextField.test.tsx(5,40): error TS2307: Cannot find module '../../../types/pal' or its corresponding type declarations.
src/components/DynamicParameters/DynamicDateTimeTagField.tsx(6,40): error TS2307: Cannot find module '../../types/pal' or its corresponding type declarations.
src/components/DynamicParameters/DynamicOptionField.tsx(5,40): error TS2307: Cannot find module '../../types/pal' or its corresponding type declarations.
src/components/DynamicParameters/DynamicParameterForm.tsx(5,40): error TS2307: Cannot find module '../../types/pal' or its corresponding type declarations.
src/components/DynamicParameters/DynamicTextField.tsx(6,40): error TS2307: Cannot find module '../../types/pal' or its corresponding type declarations.
src/components/HeaderRight/__tests__/HeaderRight.test.tsx(91,13): error TS2322: Type '{ id: string; title: string; date: string; messages: never[]; completionSettings: { n_threads?: number | undefined; jinja?: boolean | undefined; json_schema?: string | undefined; grammar?: string | undefined; ... 49 more ...; include_thinking_in_context?: boolean | undefined; }; settingsSource: string; }' is not assignable to type 'SessionMetaData'.
  Object literal may only specify known properties, and 'settingsSource' does not exist in type 'SessionMetaData'.
src/database/models/LocalPal.ts(3,62): error TS2307: Cannot find module '../../types/pal' or its corresponding type declarations.
src/hooks/__tests__/useChatSession.test.ts(15,39): error TS2305: Module '"../../store"' has no exported member 'palStore'.
src/hooks/useChatSession.ts(9,39): error TS2305: Module '"../store"' has no exported member 'palStore'.
src/hooks/useChatSession.ts(236,32): error TS2339: Property 'activePalId' does not exist on type 'SessionMetaData'.
src/hooks/useChatSession.ts(237,56): error TS2339: Property 'activePalId' does not exist on type 'SessionMetaData'.
src/hooks/useChatSession.ts(241,7): error TS2345: Argument of type '{ pal: any; model: Model | undefined; }' is not assignable to parameter of type 'SystemPromptDependencies'.
  Object literal may only specify known properties, and 'pal' does not exist in type 'SystemPromptDependencies'.
src/repositories/ChatSessionRepository.ts(65,27): error TS2339: Property 'activePalId' does not exist on type 'SessionMetaData'.
src/repositories/ChatSessionRepository.ts(66,46): error TS2339: Property 'activePalId' does not exist on type 'SessionMetaData'.
src/screens/DevToolsScreen/screens/DatabaseInspectorScreen/DatabaseInspectorScreen.tsx(14,29): error TS2307: Cannot find module '../../../../repositories/PalRepository' or its corresponding type declarations.
src/store/__tests__/ChatSessionStore.test.ts(102,11): error TS2322: Type '{ id: string; title: string; date: string; messages: never[]; completionSettings: { n_threads?: number | undefined; jinja?: boolean | undefined; json_schema?: string | undefined; grammar?: string | undefined; ... 49 more ...; include_thinking_in_context?: boolean | undefined; }; settingsSource: string; }' is not assignable to type 'SessionMetaData'.
  Object literal may only specify known properties, and 'settingsSource' does not exist in type 'SessionMetaData'.
src/store/__tests__/ChatSessionStore.test.ts(126,11): error TS2322: Type '{ id: string; title: string; date: string; messages: never[]; completionSettings: { n_threads?: number | undefined; jinja?: boolean | undefined; json_schema?: string | undefined; grammar?: string | undefined; ... 49 more ...; include_thinking_in_context?: boolean | undefined; }; settingsSource: string; }' is not assignable to type 'SessionMetaData'.
  Object literal may only specify known properties, and 'settingsSource' does not exist in type 'SessionMetaData'.
src/store/__tests__/ChatSessionStore.test.ts(446,11): error TS2322: Type '{ id: string; title: string; date: string; messages: never[]; completionSettings: { n_threads?: number | undefined; jinja?: boolean | undefined; json_schema?: string | undefined; grammar?: string | undefined; ... 49 more ...; include_thinking_in_context?: boolean | undefined; }; settingsSource: string; }' is not assignable to type 'SessionMetaData'.
  Object literal may only specify known properties, and 'settingsSource' does not exist in type 'SessionMetaData'.
src/store/__tests__/ChatSessionStore.test.ts(454,11): error TS2322: Type '{ id: string; title: string; date: string; messages: never[]; completionSettings: { n_threads?: number | undefined; jinja?: boolean | undefined; json_schema?: string | undefined; grammar?: string | undefined; ... 49 more ...; include_thinking_in_context?: boolean | undefined; }; settingsSource: string; }' is not assignable to type 'SessionMetaData'.
  Object literal may only specify known properties, and 'settingsSource' does not exist in type 'SessionMetaData'.
src/store/__tests__/ChatSessionStore.test.ts(462,11): error TS2322: Type '{ id: string; title: string; date: string; messages: never[]; completionSettings: { n_threads?: number | undefined; jinja?: boolean | undefined; json_schema?: string | undefined; grammar?: string | undefined; ... 49 more ...; include_thinking_in_context?: boolean | undefined; }; settingsSource: string; }' is not assignable to type 'SessionMetaData'.
  Object literal may only specify known properties, and 'settingsSource' does not exist in type 'SessionMetaData'.
src/store/__tests__/ChatSessionStore.test.ts(1143,31): error TS2339: Property 'activePalId' does not exist on type 'ChatSessionStore'.
src/store/__tests__/ChatSessionStore.test.ts(1147,24): error TS2339: Property 'newChatPalId' does not exist on type 'ChatSessionStore'.
src/store/__tests__/ChatSessionStore.test.ts(1149,31): error TS2339: Property 'activePalId' does not exist on type 'ChatSessionStore'.
src/store/__tests__/ChatSessionStore.test.ts(1164,30): error TS2339: Property 'setActivePal' does not exist on type 'ChatSessionStore'.
src/store/__tests__/ChatSessionStore.test.ts(1166,43): error TS2339: Property 'activePalId' does not exist on type 'SessionMetaData'.
src/store/__tests__/ChatSessionStore.test.ts(1170,30): error TS2339: Property 'setActivePal' does not exist on type 'ChatSessionStore'.
src/store/__tests__/ChatSessionStore.test.ts(1172,31): error TS2339: Property 'newChatPalId' does not exist on type 'ChatSessionStore'.
src/store/__tests__/ChatSessionStore.test.ts(1190,31): error TS2339: Property 'newChatPalId' does not exist on type 'ChatSessionStore'.
src/store/__tests__/ChatSessionStore.test.ts(1195,24): error TS2339: Property 'newChatPalId' does not exist on type 'ChatSessionStore'.
src/store/__tests__/ChatSessionStore.test.ts(1199,43): error TS2339: Property 'activePalId' does not exist on type 'SessionMetaData'.
src/store/__tests__/ChatSessionStore.test.ts(1200,31): error TS2339: Property 'newChatPalId' does not exist on type 'ChatSessionStore'.
src/utils/__tests__/exportUtils.test.ts(18,3): error TS2305: Module '"../exportUtils"' has no exported member 'exportPal'.
src/utils/__tests__/exportUtils.test.ts(19,3): error TS2305: Module '"../exportUtils"' has no exported member 'exportAllPals'.
src/utils/__tests__/exportUtils.test.ts(54,9): error TS2305: Module '"../../store"' has no exported member 'palStore'.
src/utils/__tests__/importUtils.test.ts(7,3): error TS2305: Module '"../importUtils"' has no exported member 'importPals'.
src/utils/__tests__/systemPromptResolver.test.ts(5,24): error TS2307: Cannot find module '../../types/pal' or its corresponding type declarations.
src/utils/__tests__/systemPromptResolver.test.ts(20,43): error TS2345: Argument of type '{ pal: Pal; }' is not assignable to parameter of type 'SystemPromptDependencies'.
  Object literal may only specify known properties, and 'pal' does not exist in type 'SystemPromptDependencies'.
src/utils/__tests__/systemPromptResolver.test.ts(31,43): error TS2345: Argument of type '{ pal: Pal; }' is not assignable to parameter of type 'SystemPromptDependencies'.
  Object literal may only specify known properties, and 'pal' does not exist in type 'SystemPromptDependencies'.
src/utils/__tests__/systemPromptResolver.test.ts(42,43): error TS2345: Argument of type '{ pal: Pal; }' is not assignable to parameter of type 'SystemPromptDependencies'.
  Object literal may only specify known properties, and 'pal' does not exist in type 'SystemPromptDependencies'.
src/utils/__tests__/systemPromptResolver.test.ts(64,9): error TS2345: Argument of type '{ pal: Pal; model: Model; }' is not assignable to parameter of type 'SystemPromptDependencies'.
  Object literal may only specify known properties, and 'pal' does not exist in type 'SystemPromptDependencies'.
src/utils/__tests__/systemPromptResolver.test.ts(84,9): error TS2345: Argument of type '{ pal: null; model: Model; }' is not assignable to parameter of type 'SystemPromptDependencies'.
  Object literal may only specify known properties, and 'pal' does not exist in type 'SystemPromptDependencies'.
src/utils/__tests__/systemPromptResolver.test.ts(93,9): error TS2345: Argument of type '{ pal: null; model: null; }' is not assignable to parameter of type 'SystemPromptDependencies'.
  Object literal may only specify known properties, and 'pal' does not exist in type 'SystemPromptDependencies'.
src/utils/__tests__/systemPromptResolver.test.ts(106,9): error TS2345: Argument of type '{ pal: null; model: Model; }' is not assignable to parameter of type 'SystemPromptDependencies'.
  Object literal may only specify known properties, and 'pal' does not exist in type 'SystemPromptDependencies'.
src/utils/__tests__/systemPromptResolver.test.ts(131,9): error TS2345: Argument of type '{ pal: Pal; model: Model; }' is not assignable to parameter of type 'SystemPromptDependencies'.
  Object literal may only specify known properties, and 'pal' does not exist in type 'SystemPromptDependencies'.
src/utils/__tests__/systemPromptResolver.test.ts(146,45): error TS2345: Argument of type '{ pal: Pal; }' is not assignable to parameter of type 'SystemPromptDependencies'.
  Object literal may only specify known properties, and 'pal' does not exist in type 'SystemPromptDependencies'.
src/utils/__tests__/systemPromptResolver.test.ts(158,9): error TS2345: Argument of type '{ pal: null; model: null; }' is not assignable to parameter of type 'SystemPromptDependencies'.
  Object literal may only specify known properties, and 'pal' does not exist in type 'SystemPromptDependencies'.
src/utils/__tests__/systemPromptResolver.test.ts(178,9): error TS2345: Argument of type '{ pal: null; model: Model; }' is not assignable to parameter of type 'SystemPromptDependencies'.
  Object literal may only specify known properties, and 'pal' does not exist in type 'SystemPromptDependencies'.
src/utils/__tests__/systemPromptResolver.test.ts(194,45): error TS2345: Argument of type '{ pal: Pal; }' is not assignable to parameter of type 'SystemPromptDependencies'.
  Object literal may only specify known properties, and 'pal' does not exist in type 'SystemPromptDependencies'.
src/utils/index.ts(796,15): error TS2307: Cannot find module './fb' or its corresponding type declarations.
